[
   "program",
   [
      [
         "fun",
         "cero",
         [
            "sig",
            [],
            "_"
         ],
         [
            "pre",
            [
               "true"
            ]
         ],
         [
            "post",
            [
               "true"
            ]
         ],
         [
            [
               "rule",
               [],
               [
                  "cons",
                  "Zero",
                  []
               ]
            ]
         ]
      ],
      [
         "fun",
         "neg",
         [
            "sig",
            [
               "_"
            ],
            "_"
         ],
         [
            "pre",
            [
               "true"
            ]
         ],
         [
            "post",
            [
               "true"
            ]
         ],
         [
            [
               "rule",
               [
                  [
                     "pcons",
                     "True",
                     []
                  ]
               ],
               [
                  "cons",
                  "False",
                  []
               ]
            ],
            [
               "rule",
               [
                  [
                     "pcons",
                     "False",
                     []
                  ]
               ],
               [
                  "cons",
                  "True",
                  []
               ]
            ]
         ]
      ],
      [
         "fun",
         "yy",
         [
            "sig",
            [
               "_",
               "_"
            ],
            "_"
         ],
         [
            "pre",
            [
               "true"
            ]
         ],
         [
            "post",
            [
               "true"
            ]
         ],
         [
            [
               "rule",
               [
                  [
                     "pcons",
                     "True",
                     []
                  ],
                  [
                     "pvar",
                     "x"
                  ]
               ],
               [
                  "var",
                  "x"
               ]
            ],
            [
               "rule",
               [
                  [
                     "pcons",
                     "False",
                     []
                  ],
                  [
                     "pwild"
                  ]
               ],
               [
                  "cons",
                  "False",
                  []
               ]
            ]
         ]
      ],
      [
         "fun",
         "esNat",
         [
            "sig",
            [
               "_"
            ],
            "_"
         ],
         [
            "pre",
            [
               "true"
            ]
         ],
         [
            "post",
            [
               "true"
            ]
         ],
         [
            [
               "rule",
               [
                  [
                     "pcons",
                     "Zero",
                     []
                  ]
               ],
               [
                  "cons",
                  "True",
                  []
               ]
            ],
            [
               "rule",
               [
                  [
                     "pcons",
                     "Suc",
                     [
                        [
                           "pvar",
                           "n"
                        ]
                     ]
                  ]
               ],
               [
                  "app",
                  "esNat",
                  [
                     [
                        "var",
                        "n"
                     ]
                  ]
               ]
            ],
            [
               "rule",
               [
                  [
                     "pwild"
                  ]
               ],
               [
                  "cons",
                  "False",
                  []
               ]
            ]
         ]
      ],
      [
         "fun",
         "esLista",
         [
            "sig",
            [
               "_"
            ],
            "_"
         ],
         [
            "pre",
            [
               "true"
            ]
         ],
         [
            "post",
            [
               "true"
            ]
         ],
         [
            [
               "rule",
               [
                  [
                     "pcons",
                     "Nil",
                     []
                  ]
               ],
               [
                  "cons",
                  "True",
                  []
               ]
            ],
            [
               "rule",
               [
                  [
                     "pcons",
                     "Cons",
                     [
                        [
                           "pwild"
                        ],
                        [
                           "pvar",
                           "xs"
                        ]
                     ]
                  ]
               ],
               [
                  "app",
                  "esLista",
                  [
                     [
                        "var",
                        "xs"
                     ]
                  ]
               ]
            ],
            [
               "rule",
               [
                  [
                     "pwild"
                  ]
               ],
               [
                  "cons",
                  "False",
                  []
               ]
            ]
         ]
      ],
      [
         "fun",
         "esVacia",
         [
            "sig",
            [
               "_"
            ],
            "_"
         ],
         [
            "pre",
            [
               "true"
            ]
         ],
         [
            "post",
            [
               "true"
            ]
         ],
         [
            [
               "rule",
               [
                  [
                     "pcons",
                     "Nil",
                     []
                  ]
               ],
               [
                  "cons",
                  "True",
                  []
               ]
            ],
            [
               "rule",
               [
                  [
                     "pwild"
                  ]
               ],
               [
                  "cons",
                  "False",
                  []
               ]
            ]
         ]
      ],
      [
         "fun",
         "length",
         [
            "sig",
            [
               "entrada"
            ],
            "resultado"
         ],
         [
            "pre",
            [
               "equal",
               [
                  "app",
                  "esLista",
                  [
                     [
                        "var",
                        "entrada"
                     ]
                  ]
               ],
               [
                  "cons",
                  "True",
                  []
               ]
            ]
         ],
         [
            "post",
            [
               "equal",
               [
                  "app",
                  "esNat",
                  [
                     [
                        "var",
                        "resultado"
                     ]
                  ]
               ],
               [
                  "cons",
                  "True",
                  []
               ]
            ]
         ],
         [
            [
               "rule",
               [
                  [
                     "pcons",
                     "Nil",
                     []
                  ]
               ],
               [
                  "cons",
                  "Zero",
                  []
               ]
            ],
            [
               "rule",
               [
                  [
                     "pcons",
                     "Cons",
                     [
                        [
                           "pwild"
                        ],
                        [
                           "pvar",
                           "xs"
                        ]
                     ]
                  ]
               ],
               [
                  "cons",
                  "Suc",
                  [
                     [
                        "app",
                        "length",
                        [
                           [
                              "var",
                              "xs"
                           ]
                        ]
                     ]
                  ]
               ]
            ]
         ]
      ],
      [
         "fun",
         "head",
         [
            "sig",
            [
               "entrada"
            ],
            "resultado"
         ],
         [
            "pre",
            [
               "and",
               [
                  "equal",
                  [
                     "app",
                     "esLista",
                     [
                        [
                           "var",
                           "entrada"
                        ]
                     ]
                  ],
                  [
                     "cons",
                     "True",
                     []
                  ]
               ],
               [
                  "not",
                  [
                     "equal",
                     [
                        "app",
                        "esVacia",
                        [
                           [
                              "var",
                              "entrada"
                           ]
                        ]
                     ],
                     [
                        "cons",
                        "True",
                        []
                     ]
                  ]
               ]
            ]
         ],
         [
            "post",
            [
               "and",
               [
                  "equal",
                  [
                     "app",
                     "esNat",
                     [
                        [
                           "var",
                           "resultado"
                        ]
                     ]
                  ],
                  [
                     "cons",
                     "True",
                     []
                  ]
               ],
               [
                  "equal",
                  [
                     "app",
                     "longitud",
                     [
                        [
                           "var",
                           "entrada"
                        ]
                     ]
                  ],
                  [
                     "cons",
                     "Suc",
                     [
                        [
                           "app",
                           "longitud",
                           [
                              [
                                 "var",
                                 "resultado"
                              ]
                           ]
                        ]
                     ]
                  ]
               ]
            ]
         ],
         [
            [
               "rule",
               [
                  [
                     "pcons",
                     "Cons",
                     [
                        [
                           "pwild"
                        ],
                        [
                           "pvar",
                           "xs"
                        ]
                     ]
                  ]
               ],
               [
                  "var",
                  "xs"
               ]
            ]
         ]
      ]
   ],
   []
]
