[
   "program",
   [],
   [
      [
         "check",
         [
            "true"
         ]
      ],
      [
         "check",
         [
            "false"
         ]
      ],
      [
         "check",
         [
            "equal",
            [
               "var",
               "foo"
            ],
            [
               "var",
               "bar"
            ]
         ]
      ],
      [
         "check",
         [
            "equal",
            [
               "var",
               "abcdefghijklmnopqrstuvwxyz_1234567890"
            ],
            [
               "var",
               "a0987654321_zyxwvutsrqponmlkjihgfedcb"
            ]
         ]
      ]
   ]
]
