[
   "program",
   [],
   [
      [
         "check",
         [
            "equal",
            [
               "var",
               "foo"
            ],
            [
               "cons",
               "True",
               []
            ]
         ]
      ],
      [
         "check",
         [
            "not",
            [
               "equal",
               [
                  "var",
                  "foo"
               ],
               [
                  "cons",
                  "True",
                  []
               ]
            ]
         ]
      ],
      [
         "check",
         [
            "not",
            [
               "not",
               [
                  "equal",
                  [
                     "var",
                     "foo"
                  ],
                  [
                     "cons",
                     "True",
                     []
                  ]
               ]
            ]
         ]
      ],
      [
         "check",
         [
            "equal",
            [
               "var",
               "foo"
            ],
            [
               "var",
               "bar"
            ]
         ]
      ],
      [
         "check",
         [
            "not",
            [
               "equal",
               [
                  "var",
                  "foo"
               ],
               [
                  "var",
                  "bar"
               ]
            ]
         ]
      ],
      [
         "check",
         [
            "not",
            [
               "not",
               [
                  "equal",
                  [
                     "var",
                     "foo"
                  ],
                  [
                     "var",
                     "bar"
                  ]
               ]
            ]
         ]
      ],
      [
         "check",
         [
            "not",
            [
               "equal",
               [
                  "var",
                  "foo"
               ],
               [
                  "cons",
                  "True",
                  []
               ]
            ]
         ]
      ],
      [
         "check",
         [
            "not",
            [
               "not",
               [
                  "equal",
                  [
                     "var",
                     "foo"
                  ],
                  [
                     "cons",
                     "True",
                     []
                  ]
               ]
            ]
         ]
      ],
      [
         "check",
         [
            "not",
            [
               "equal",
               [
                  "var",
                  "foo"
               ],
               [
                  "var",
                  "bar"
               ]
            ]
         ]
      ],
      [
         "check",
         [
            "not",
            [
               "not",
               [
                  "equal",
                  [
                     "var",
                     "foo"
                  ],
                  [
                     "var",
                     "bar"
                  ]
               ]
            ]
         ]
      ]
   ]
]
