[
   "program",
   [],
   [
      [
         "check",
         [
            "equal",
            [
               "cons",
               "Zero",
               []
            ],
            [
               "cons",
               "Zero",
               []
            ]
         ]
      ],
      [
         "check",
         [
            "equal",
            [
               "cons",
               "Zero",
               []
            ],
            [
               "cons",
               "Zero",
               []
            ]
         ]
      ],
      [
         "check",
         [
            "equal",
            [
               "cons",
               "Suc",
               [
                  [
                     "cons",
                     "Zero",
                     []
                  ]
               ]
            ],
            [
               "cons",
               "Suc",
               [
                  [
                     "cons",
                     "Zero",
                     []
                  ]
               ]
            ]
         ]
      ],
      [
         "check",
         [
            "equal",
            [
               "cons",
               "A",
               [
                  [
                     "cons",
                     "B",
                     []
                  ]
               ]
            ],
            [
               "cons",
               "A",
               [
                  [
                     "var",
                     "b"
                  ]
               ]
            ]
         ]
      ],
      [
         "check",
         [
            "equal",
            [
               "cons",
               "A",
               [
                  [
                     "cons",
                     "B",
                     []
                  ],
                  [
                     "var",
                     "c"
                  ]
               ]
            ],
            [
               "cons",
               "A",
               [
                  [
                     "var",
                     "b"
                  ],
                  [
                     "cons",
                     "C",
                     []
                  ]
               ]
            ]
         ]
      ],
      [
         "check",
         [
            "equal",
            [
               "cons",
               "A",
               [
                  [
                     "cons",
                     "B",
                     []
                  ],
                  [
                     "var",
                     "c"
                  ],
                  [
                     "var",
                     "d"
                  ]
               ]
            ],
            [
               "cons",
               "A",
               [
                  [
                     "var",
                     "b"
                  ],
                  [
                     "cons",
                     "C",
                     []
                  ],
                  [
                     "cons",
                     "D",
                     []
                  ]
               ]
            ]
         ]
      ],
      [
         "check",
         [
            "equal",
            [
               "cons",
               "A",
               [
                  [
                     "var",
                     "b"
                  ],
                  [
                     "var",
                     "c"
                  ],
                  [
                     "cons",
                     "D",
                     []
                  ],
                  [
                     "cons",
                     "E",
                     []
                  ]
               ]
            ],
            [
               "cons",
               "A",
               [
                  [
                     "var",
                     "b"
                  ],
                  [
                     "cons",
                     "C",
                     []
                  ],
                  [
                     "cons",
                     "D",
                     []
                  ],
                  [
                     "cons",
                     "E",
                     []
                  ]
               ]
            ]
         ]
      ],
      [
         "check",
         [
            "equal",
            [
               "cons",
               "A",
               [
                  [
                     "cons",
                     "B",
                     [
                        [
                           "cons",
                           "C",
                           [
                              [
                                 "cons",
                                 "D",
                                 [
                                    [
                                       "cons",
                                       "E",
                                       [
                                          [
                                             "cons",
                                             "F",
                                             []
                                          ]
                                       ]
                                    ]
                                 ]
                              ]
                           ]
                        ]
                     ]
                  ]
               ]
            ],
            [
               "cons",
               "A",
               [
                  [
                     "cons",
                     "B",
                     [
                        [
                           "cons",
                           "C",
                           [
                              [
                                 "cons",
                                 "D",
                                 [
                                    [
                                       "cons",
                                       "E",
                                       [
                                          [
                                             "var",
                                             "f"
                                          ]
                                       ]
                                    ]
                                 ]
                              ]
                           ]
                        ]
                     ]
                  ]
               ]
            ]
         ]
      ],
      [
         "check",
         [
            "equal",
            [
               "cons",
               "A",
               [
                  [
                     "cons",
                     "B",
                     [
                        [
                           "cons",
                           "C",
                           []
                        ]
                     ]
                  ],
                  [
                     "cons",
                     "D",
                     [
                        [
                           "var",
                           "e"
                        ],
                        [
                           "cons",
                           "F",
                           [
                              [
                                 "cons",
                                 "G",
                                 []
                              ]
                           ]
                        ]
                     ]
                  ]
               ]
            ],
            [
               "cons",
               "A",
               [
                  [
                     "cons",
                     "B",
                     [
                        [
                           "cons",
                           "C",
                           []
                        ]
                     ]
                  ],
                  [
                     "cons",
                     "D",
                     [
                        [
                           "var",
                           "e"
                        ],
                        [
                           "cons",
                           "F",
                           [
                              [
                                 "cons",
                                 "G",
                                 []
                              ]
                           ]
                        ]
                     ]
                  ]
               ]
            ]
         ]
      ],
      [
         "check",
         [
            "equal",
            [
               "cons",
               "Suc",
               [
                  [
                     "cons",
                     "Suc",
                     [
                        [
                           "cons",
                           "Zero",
                           []
                        ]
                     ]
                  ]
               ]
            ],
            [
               "cons",
               "Suc",
               [
                  [
                     "cons",
                     "Suc",
                     [
                        [
                           "cons",
                           "Zero",
                           []
                        ]
                     ]
                  ]
               ]
            ]
         ]
      ],
      [
         "check",
         [
            "equal",
            [
               "cons",
               "Cons",
               [
                  [
                     "cons",
                     "A",
                     []
                  ],
                  [
                     "cons",
                     "Cons",
                     [
                        [
                           "cons",
                           "B",
                           []
                        ],
                        [
                           "cons",
                           "Cons",
                           [
                              [
                                 "cons",
                                 "C",
                                 []
                              ],
                              [
                                 "cons",
                                 "Cons",
                                 [
                                    [
                                       "cons",
                                       "D",
                                       []
                                    ],
                                    [
                                       "cons",
                                       "Nil",
                                       []
                                    ]
                                 ]
                              ]
                           ]
                        ]
                     ]
                  ]
               ]
            ],
            [
               "cons",
               "Cons",
               [
                  [
                     "cons",
                     "A",
                     []
                  ],
                  [
                     "cons",
                     "Cons",
                     [
                        [
                           "cons",
                           "B",
                           []
                        ],
                        [
                           "cons",
                           "Cons",
                           [
                              [
                                 "cons",
                                 "C",
                                 []
                              ],
                              [
                                 "cons",
                                 "Cons",
                                 [
                                    [
                                       "cons",
                                       "D",
                                       []
                                    ],
                                    [
                                       "cons",
                                       "Nil",
                                       []
                                    ]
                                 ]
                              ]
                           ]
                        ]
                     ]
                  ]
               ]
            ]
         ]
      ]
   ]
]
