[
   "program",
   [],
   [
      [
         "check",
         [
            "equal",
            [
               "var",
               "foo"
            ],
            [
               "cons",
               "True",
               []
            ]
         ]
      ],
      [
         "check",
         [
            "equal",
            [
               "var",
               "foo"
            ],
            [
               "var",
               "bar"
            ]
         ]
      ],
      [
         "check",
         [
            "equal",
            [
               "var",
               "foo"
            ],
            [
               "cons",
               "True",
               []
            ]
         ]
      ],
      [
         "check",
         [
            "equal",
            [
               "var",
               "foo"
            ],
            [
               "cons",
               "True",
               []
            ]
         ]
      ],
      [
         "check",
         [
            "equal",
            [
               "var",
               "foo"
            ],
            [
               "cons",
               "True",
               []
            ]
         ]
      ],
      [
         "check",
         [
            "equal",
            [
               "var",
               "foo"
            ],
            [
               "var",
               "bar"
            ]
         ]
      ],
      [
         "check",
         [
            "equal",
            [
               "var",
               "foo"
            ],
            [
               "var",
               "bar"
            ]
         ]
      ]
   ]
]
