[
   "program",
   [
      [
         "fun",
         "foo1",
         [
            "sig",
            [],
            "_"
         ],
         [
            "pre",
            [
               "false"
            ]
         ],
         [
            "post",
            [
               "true"
            ]
         ],
         []
      ],
      [
         "fun",
         "foo2",
         [
            "sig",
            [],
            "_"
         ],
         [
            "pre",
            [
               "true"
            ]
         ],
         [
            "post",
            [
               "equal",
               [
                  "var",
                  "a"
               ],
               [
                  "cons",
                  "True",
                  []
               ]
            ]
         ],
         []
      ],
      [
         "fun",
         "foo3",
         [
            "sig",
            [],
            "_"
         ],
         [
            "pre",
            [
               "equal",
               [
                  "var",
                  "a"
               ],
               [
                  "var",
                  "b"
               ]
            ]
         ],
         [
            "post",
            [
               "equal",
               [
                  "var",
                  "c"
               ],
               [
                  "cons",
                  "True",
                  []
               ]
            ]
         ],
         []
      ],
      [
         "fun",
         "foo4",
         [
            "sig",
            [
               "x",
               "y"
            ],
            "z"
         ],
         [
            "pre",
            [
               "not",
               [
                  "equal",
                  [
                     "var",
                     "x"
                  ],
                  [
                     "var",
                     "y"
                  ]
               ]
            ]
         ],
         [
            "post",
            [
               "imp",
               [
                  "and",
                  [
                     "equal",
                     [
                        "app",
                        "f",
                        [
                           [
                              "var",
                              "x"
                           ]
                        ]
                     ],
                     [
                        "cons",
                        "True",
                        []
                     ]
                  ],
                  [
                     "equal",
                     [
                        "app",
                        "f",
                        [
                           [
                              "var",
                              "y"
                           ]
                        ]
                     ],
                     [
                        "cons",
                        "True",
                        []
                     ]
                  ]
               ],
               [
                  "not",
                  [
                     "equal",
                     [
                        "app",
                        "f",
                        [
                           [
                              "var",
                              "z"
                           ]
                        ]
                     ],
                     [
                        "cons",
                        "True",
                        []
                     ]
                  ]
               ]
            ]
         ],
         []
      ]
   ],
   []
]
