[
   "program",
   [
      [
         "fun",
         "foo1",
         [
            "sig",
            [],
            "_"
         ],
         [
            "pre",
            [
               "true"
            ]
         ],
         [
            "post",
            [
               "true"
            ]
         ],
         []
      ],
      [
         "fun",
         "foo2",
         [
            "sig",
            [],
            "_"
         ],
         [
            "pre",
            [
               "true"
            ]
         ],
         [
            "post",
            [
               "true"
            ]
         ],
         []
      ],
      [
         "fun",
         "foo3",
         [
            "sig",
            [],
            "xx"
         ],
         [
            "pre",
            [
               "true"
            ]
         ],
         [
            "post",
            [
               "true"
            ]
         ],
         []
      ],
      [
         "fun",
         "foo4",
         [
            "sig",
            [
               "_"
            ],
            "_"
         ],
         [
            "pre",
            [
               "true"
            ]
         ],
         [
            "post",
            [
               "true"
            ]
         ],
         []
      ],
      [
         "fun",
         "foo5",
         [
            "sig",
            [
               "x"
            ],
            "_"
         ],
         [
            "pre",
            [
               "true"
            ]
         ],
         [
            "post",
            [
               "true"
            ]
         ],
         []
      ],
      [
         "fun",
         "foo6",
         [
            "sig",
            [
               "_"
            ],
            "y"
         ],
         [
            "pre",
            [
               "true"
            ]
         ],
         [
            "post",
            [
               "true"
            ]
         ],
         []
      ],
      [
         "fun",
         "foo7",
         [
            "sig",
            [
               "x"
            ],
            "y"
         ],
         [
            "pre",
            [
               "true"
            ]
         ],
         [
            "post",
            [
               "true"
            ]
         ],
         []
      ],
      [
         "fun",
         "foo8",
         [
            "sig",
            [
               "_",
               "_"
            ],
            "_"
         ],
         [
            "pre",
            [
               "true"
            ]
         ],
         [
            "post",
            [
               "true"
            ]
         ],
         []
      ],
      [
         "fun",
         "foo9",
         [
            "sig",
            [
               "x",
               "_"
            ],
            "_"
         ],
         [
            "pre",
            [
               "true"
            ]
         ],
         [
            "post",
            [
               "true"
            ]
         ],
         []
      ],
      [
         "fun",
         "foo10",
         [
            "sig",
            [
               "_",
               "y"
            ],
            "_"
         ],
         [
            "pre",
            [
               "true"
            ]
         ],
         [
            "post",
            [
               "true"
            ]
         ],
         []
      ],
      [
         "fun",
         "foo11",
         [
            "sig",
            [
               "x",
               "y"
            ],
            "_"
         ],
         [
            "pre",
            [
               "true"
            ]
         ],
         [
            "post",
            [
               "true"
            ]
         ],
         []
      ],
      [
         "fun",
         "foo12",
         [
            "sig",
            [
               "_",
               "_"
            ],
            "z"
         ],
         [
            "pre",
            [
               "true"
            ]
         ],
         [
            "post",
            [
               "true"
            ]
         ],
         []
      ],
      [
         "fun",
         "foo13",
         [
            "sig",
            [
               "x",
               "_"
            ],
            "z"
         ],
         [
            "pre",
            [
               "true"
            ]
         ],
         [
            "post",
            [
               "true"
            ]
         ],
         []
      ],
      [
         "fun",
         "foo14",
         [
            "sig",
            [
               "_",
               "y"
            ],
            "z"
         ],
         [
            "pre",
            [
               "true"
            ]
         ],
         [
            "post",
            [
               "true"
            ]
         ],
         []
      ],
      [
         "fun",
         "foo15",
         [
            "sig",
            [
               "x",
               "y"
            ],
            "z"
         ],
         [
            "pre",
            [
               "true"
            ]
         ],
         [
            "post",
            [
               "true"
            ]
         ],
         []
      ]
   ],
   []
]
