[
   "program",
   [],
   [
      [
         "check",
         [
            "and",
            [
               "equal",
               [
                  "cons",
                  "A",
                  []
               ],
               [
                  "cons",
                  "True",
                  []
               ]
            ],
            [
               "equal",
               [
                  "cons",
                  "B",
                  []
               ],
               [
                  "cons",
                  "True",
                  []
               ]
            ]
         ]
      ],
      [
         "check",
         [
            "and",
            [
               "equal",
               [
                  "cons",
                  "A",
                  []
               ],
               [
                  "cons",
                  "True",
                  []
               ]
            ],
            [
               "and",
               [
                  "equal",
                  [
                     "cons",
                     "B",
                     []
                  ],
                  [
                     "cons",
                     "True",
                     []
                  ]
               ],
               [
                  "equal",
                  [
                     "cons",
                     "C",
                     []
                  ],
                  [
                     "cons",
                     "True",
                     []
                  ]
               ]
            ]
         ]
      ],
      [
         "check",
         [
            "and",
            [
               "equal",
               [
                  "cons",
                  "A",
                  []
               ],
               [
                  "cons",
                  "True",
                  []
               ]
            ],
            [
               "and",
               [
                  "equal",
                  [
                     "cons",
                     "B",
                     []
                  ],
                  [
                     "cons",
                     "True",
                     []
                  ]
               ],
               [
                  "and",
                  [
                     "equal",
                     [
                        "cons",
                        "C",
                        []
                     ],
                     [
                        "cons",
                        "True",
                        []
                     ]
                  ],
                  [
                     "equal",
                     [
                        "cons",
                        "D",
                        []
                     ],
                     [
                        "cons",
                        "True",
                        []
                     ]
                  ]
               ]
            ]
         ]
      ],
      [
         "check",
         [
            "and",
            [
               "not",
               [
                  "equal",
                  [
                     "cons",
                     "A",
                     []
                  ],
                  [
                     "cons",
                     "True",
                     []
                  ]
               ]
            ],
            [
               "and",
               [
                  "not",
                  [
                     "equal",
                     [
                        "cons",
                        "B",
                        []
                     ],
                     [
                        "cons",
                        "True",
                        []
                     ]
                  ]
               ],
               [
                  "and",
                  [
                     "not",
                     [
                        "equal",
                        [
                           "cons",
                           "C",
                           []
                        ],
                        [
                           "cons",
                           "True",
                           []
                        ]
                     ]
                  ],
                  [
                     "not",
                     [
                        "equal",
                        [
                           "cons",
                           "D",
                           []
                        ],
                        [
                           "cons",
                           "True",
                           []
                        ]
                     ]
                  ]
               ]
            ]
         ]
      ],
      [
         "check",
         [
            "and",
            [
               "equal",
               [
                  "cons",
                  "A1",
                  []
               ],
               [
                  "cons",
                  "A2",
                  []
               ]
            ],
            [
               "equal",
               [
                  "cons",
                  "B1",
                  []
               ],
               [
                  "cons",
                  "B2",
                  []
               ]
            ]
         ]
      ],
      [
         "check",
         [
            "and",
            [
               "equal",
               [
                  "cons",
                  "A1",
                  []
               ],
               [
                  "cons",
                  "A2",
                  []
               ]
            ],
            [
               "and",
               [
                  "equal",
                  [
                     "cons",
                     "B1",
                     []
                  ],
                  [
                     "cons",
                     "B2",
                     []
                  ]
               ],
               [
                  "equal",
                  [
                     "cons",
                     "C1",
                     []
                  ],
                  [
                     "cons",
                     "C2",
                     []
                  ]
               ]
            ]
         ]
      ],
      [
         "check",
         [
            "and",
            [
               "equal",
               [
                  "cons",
                  "A1",
                  []
               ],
               [
                  "cons",
                  "A2",
                  []
               ]
            ],
            [
               "and",
               [
                  "equal",
                  [
                     "cons",
                     "B1",
                     []
                  ],
                  [
                     "cons",
                     "B2",
                     []
                  ]
               ],
               [
                  "and",
                  [
                     "equal",
                     [
                        "cons",
                        "C1",
                        []
                     ],
                     [
                        "cons",
                        "C2",
                        []
                     ]
                  ],
                  [
                     "equal",
                     [
                        "cons",
                        "D1",
                        []
                     ],
                     [
                        "cons",
                        "D2",
                        []
                     ]
                  ]
               ]
            ]
         ]
      ],
      [
         "check",
         [
            "and",
            [
               "not",
               [
                  "equal",
                  [
                     "cons",
                     "A1",
                     []
                  ],
                  [
                     "cons",
                     "A2",
                     []
                  ]
               ]
            ],
            [
               "and",
               [
                  "not",
                  [
                     "equal",
                     [
                        "cons",
                        "B1",
                        []
                     ],
                     [
                        "cons",
                        "B2",
                        []
                     ]
                  ]
               ],
               [
                  "and",
                  [
                     "not",
                     [
                        "equal",
                        [
                           "cons",
                           "C1",
                           []
                        ],
                        [
                           "cons",
                           "C2",
                           []
                        ]
                     ]
                  ],
                  [
                     "not",
                     [
                        "equal",
                        [
                           "cons",
                           "D1",
                           []
                        ],
                        [
                           "cons",
                           "D2",
                           []
                        ]
                     ]
                  ]
               ]
            ]
         ]
      ],
      [
         "check",
         [
            "and",
            [
               "equal",
               [
                  "cons",
                  "A",
                  []
               ],
               [
                  "cons",
                  "True",
                  []
               ]
            ],
            [
               "equal",
               [
                  "cons",
                  "B",
                  []
               ],
               [
                  "cons",
                  "True",
                  []
               ]
            ]
         ]
      ],
      [
         "check",
         [
            "and",
            [
               "and",
               [
                  "equal",
                  [
                     "cons",
                     "A",
                     []
                  ],
                  [
                     "cons",
                     "True",
                     []
                  ]
               ],
               [
                  "equal",
                  [
                     "cons",
                     "B",
                     []
                  ],
                  [
                     "cons",
                     "True",
                     []
                  ]
               ]
            ],
            [
               "equal",
               [
                  "cons",
                  "C",
                  []
               ],
               [
                  "cons",
                  "True",
                  []
               ]
            ]
         ]
      ],
      [
         "check",
         [
            "and",
            [
               "equal",
               [
                  "cons",
                  "A",
                  []
               ],
               [
                  "cons",
                  "True",
                  []
               ]
            ],
            [
               "and",
               [
                  "and",
                  [
                     "equal",
                     [
                        "cons",
                        "B",
                        []
                     ],
                     [
                        "cons",
                        "True",
                        []
                     ]
                  ],
                  [
                     "equal",
                     [
                        "cons",
                        "C",
                        []
                     ],
                     [
                        "cons",
                        "True",
                        []
                     ]
                  ]
               ],
               [
                  "equal",
                  [
                     "cons",
                     "D",
                     []
                  ],
                  [
                     "cons",
                     "True",
                     []
                  ]
               ]
            ]
         ]
      ],
      [
         "check",
         [
            "not",
            [
               "and",
               [
                  "and",
                  [
                     "equal",
                     [
                        "cons",
                        "A",
                        []
                     ],
                     [
                        "cons",
                        "True",
                        []
                     ]
                  ],
                  [
                     "not",
                     [
                        "and",
                        [
                           "equal",
                           [
                              "cons",
                              "B",
                              []
                           ],
                           [
                              "cons",
                              "True",
                              []
                           ]
                        ],
                        [
                           "not",
                           [
                              "equal",
                              [
                                 "cons",
                                 "C",
                                 []
                              ],
                              [
                                 "cons",
                                 "True",
                                 []
                              ]
                           ]
                        ]
                     ]
                  ]
               ],
               [
                  "not",
                  [
                     "equal",
                     [
                        "cons",
                        "D",
                        []
                     ],
                     [
                        "cons",
                        "True",
                        []
                     ]
                  ]
               ]
            ]
         ]
      ],
      [
         "check",
         [
            "and",
            [
               "equal",
               [
                  "cons",
                  "A1",
                  []
               ],
               [
                  "cons",
                  "A2",
                  []
               ]
            ],
            [
               "equal",
               [
                  "cons",
                  "B1",
                  []
               ],
               [
                  "cons",
                  "B2",
                  []
               ]
            ]
         ]
      ],
      [
         "check",
         [
            "and",
            [
               "equal",
               [
                  "cons",
                  "A1",
                  []
               ],
               [
                  "cons",
                  "A2",
                  []
               ]
            ],
            [
               "and",
               [
                  "equal",
                  [
                     "cons",
                     "B1",
                     []
                  ],
                  [
                     "cons",
                     "B2",
                     []
                  ]
               ],
               [
                  "equal",
                  [
                     "cons",
                     "C1",
                     []
                  ],
                  [
                     "cons",
                     "C2",
                     []
                  ]
               ]
            ]
         ]
      ],
      [
         "check",
         [
            "and",
            [
               "and",
               [
                  "and",
                  [
                     "equal",
                     [
                        "cons",
                        "A1",
                        []
                     ],
                     [
                        "cons",
                        "A2",
                        []
                     ]
                  ],
                  [
                     "equal",
                     [
                        "cons",
                        "B1",
                        []
                     ],
                     [
                        "cons",
                        "B2",
                        []
                     ]
                  ]
               ],
               [
                  "equal",
                  [
                     "cons",
                     "C1",
                     []
                  ],
                  [
                     "cons",
                     "C2",
                     []
                  ]
               ]
            ],
            [
               "equal",
               [
                  "cons",
                  "D1",
                  []
               ],
               [
                  "cons",
                  "D2",
                  []
               ]
            ]
         ]
      ],
      [
         "check",
         [
            "not",
            [
               "and",
               [
                  "equal",
                  [
                     "cons",
                     "A1",
                     []
                  ],
                  [
                     "cons",
                     "A2",
                     []
                  ]
               ],
               [
                  "not",
                  [
                     "and",
                     [
                        "equal",
                        [
                           "cons",
                           "B1",
                           []
                        ],
                        [
                           "cons",
                           "B2",
                           []
                        ]
                     ],
                     [
                        "not",
                        [
                           "and",
                           [
                              "equal",
                              [
                                 "cons",
                                 "C1",
                                 []
                              ],
                              [
                                 "cons",
                                 "C2",
                                 []
                              ]
                           ],
                           [
                              "not",
                              [
                                 "equal",
                                 [
                                    "cons",
                                    "D1",
                                    []
                                 ],
                                 [
                                    "cons",
                                    "D2",
                                    []
                                 ]
                              ]
                           ]
                        ]
                     ]
                  ]
               ]
            ]
         ]
      ]
   ]
]
