[
   "program",
   [],
   [
      [
         "check",
         [
            "imp",
            [
               "or",
               [
                  "and",
                  [
                     "not",
                     [
                        "not",
                        [
                           "equal",
                           [
                              "var",
                              "x1"
                           ],
                           [
                              "cons",
                              "True",
                              []
                           ]
                        ]
                     ]
                  ],
                  [
                     "not",
                     [
                        "not",
                        [
                           "equal",
                           [
                              "var",
                              "x2"
                           ],
                           [
                              "cons",
                              "True",
                              []
                           ]
                        ]
                     ]
                  ]
               ],
               [
                  "and",
                  [
                     "not",
                     [
                        "not",
                        [
                           "equal",
                           [
                              "var",
                              "x3"
                           ],
                           [
                              "cons",
                              "True",
                              []
                           ]
                        ]
                     ]
                  ],
                  [
                     "not",
                     [
                        "not",
                        [
                           "equal",
                           [
                              "var",
                              "x4"
                           ],
                           [
                              "cons",
                              "True",
                              []
                           ]
                        ]
                     ]
                  ]
               ]
            ],
            [
               "or",
               [
                  "and",
                  [
                     "not",
                     [
                        "not",
                        [
                           "equal",
                           [
                              "var",
                              "x5"
                           ],
                           [
                              "cons",
                              "True",
                              []
                           ]
                        ]
                     ]
                  ],
                  [
                     "not",
                     [
                        "not",
                        [
                           "equal",
                           [
                              "var",
                              "x6"
                           ],
                           [
                              "cons",
                              "True",
                              []
                           ]
                        ]
                     ]
                  ]
               ],
               [
                  "and",
                  [
                     "not",
                     [
                        "not",
                        [
                           "equal",
                           [
                              "var",
                              "x7"
                           ],
                           [
                              "cons",
                              "True",
                              []
                           ]
                        ]
                     ]
                  ],
                  [
                     "not",
                     [
                        "not",
                        [
                           "equal",
                           [
                              "var",
                              "x8"
                           ],
                           [
                              "cons",
                              "True",
                              []
                           ]
                        ]
                     ]
                  ]
               ]
            ]
         ]
      ]
   ]
]
