[
   "program",
   [],
   [
      [
         "check",
         [
            "equal",
            [
               "app",
               "f",
               []
            ],
            [
               "cons",
               "True",
               []
            ]
         ]
      ],
      [
         "check",
         [
            "equal",
            [
               "app",
               "f",
               []
            ],
            [
               "cons",
               "True",
               []
            ]
         ]
      ]
   ]
]
