[
   "program",
   [],
   [
      [
         "check",
         [
            "equal",
            [
               "app",
               "f",
               []
            ],
            [
               "var",
               "f"
            ]
         ]
      ],
      [
         "check",
         [
            "equal",
            [
               "app",
               "f",
               [
                  [
                     "var",
                     "f"
                  ]
               ]
            ],
            [
               "app",
               "g",
               [
                  [
                     "cons",
                     "H",
                     []
                  ]
               ]
            ]
         ]
      ],
      [
         "check",
         [
            "equal",
            [
               "app",
               "a",
               [
                  [
                     "var",
                     "b"
                  ]
               ]
            ],
            [
               "app",
               "f",
               [
                  [
                     "var",
                     "f"
                  ]
               ]
            ]
         ]
      ],
      [
         "check",
         [
            "equal",
            [
               "app",
               "zero",
               []
            ],
            [
               "app",
               "zero",
               []
            ]
         ]
      ],
      [
         "check",
         [
            "equal",
            [
               "app",
               "suc",
               [
                  [
                     "var",
                     "zero"
                  ]
               ]
            ],
            [
               "app",
               "suc",
               [
                  [
                     "var",
                     "zero"
                  ]
               ]
            ]
         ]
      ],
      [
         "check",
         [
            "equal",
            [
               "app",
               "a",
               [
                  [
                     "var",
                     "b"
                  ]
               ]
            ],
            [
               "app",
               "a",
               [
                  [
                     "cons",
                     "B",
                     []
                  ]
               ]
            ]
         ]
      ],
      [
         "check",
         [
            "equal",
            [
               "app",
               "a",
               [
                  [
                     "var",
                     "b"
                  ],
                  [
                     "cons",
                     "C",
                     []
                  ]
               ]
            ],
            [
               "app",
               "a",
               [
                  [
                     "cons",
                     "B",
                     []
                  ],
                  [
                     "var",
                     "c"
                  ]
               ]
            ]
         ]
      ],
      [
         "check",
         [
            "equal",
            [
               "app",
               "a",
               [
                  [
                     "var",
                     "b"
                  ],
                  [
                     "cons",
                     "C",
                     []
                  ],
                  [
                     "cons",
                     "D",
                     []
                  ]
               ]
            ],
            [
               "app",
               "a",
               [
                  [
                     "cons",
                     "B",
                     []
                  ],
                  [
                     "var",
                     "c"
                  ],
                  [
                     "var",
                     "d"
                  ]
               ]
            ]
         ]
      ],
      [
         "check",
         [
            "equal",
            [
               "app",
               "a",
               [
                  [
                     "cons",
                     "B",
                     []
                  ],
                  [
                     "cons",
                     "C",
                     []
                  ],
                  [
                     "var",
                     "d"
                  ],
                  [
                     "var",
                     "e"
                  ]
               ]
            ],
            [
               "app",
               "a",
               [
                  [
                     "cons",
                     "B",
                     []
                  ],
                  [
                     "var",
                     "c"
                  ],
                  [
                     "var",
                     "d"
                  ],
                  [
                     "var",
                     "e"
                  ]
               ]
            ]
         ]
      ],
      [
         "check",
         [
            "equal",
            [
               "app",
               "a",
               [
                  [
                     "app",
                     "b",
                     [
                        [
                           "app",
                           "c",
                           [
                              [
                                 "app",
                                 "d",
                                 [
                                    [
                                       "app",
                                       "e",
                                       [
                                          [
                                             "var",
                                             "f"
                                          ]
                                       ]
                                    ]
                                 ]
                              ]
                           ]
                        ]
                     ]
                  ]
               ]
            ],
            [
               "app",
               "a",
               [
                  [
                     "app",
                     "b",
                     [
                        [
                           "app",
                           "c",
                           [
                              [
                                 "app",
                                 "d",
                                 [
                                    [
                                       "app",
                                       "e",
                                       [
                                          [
                                             "cons",
                                             "F",
                                             []
                                          ]
                                       ]
                                    ]
                                 ]
                              ]
                           ]
                        ]
                     ]
                  ]
               ]
            ]
         ]
      ],
      [
         "check",
         [
            "equal",
            [
               "app",
               "a",
               [
                  [
                     "app",
                     "b",
                     [
                        [
                           "var",
                           "c"
                        ]
                     ]
                  ],
                  [
                     "app",
                     "d",
                     [
                        [
                           "cons",
                           "E",
                           []
                        ],
                        [
                           "app",
                           "f",
                           [
                              [
                                 "var",
                                 "g"
                              ]
                           ]
                        ]
                     ]
                  ]
               ]
            ],
            [
               "app",
               "a",
               [
                  [
                     "app",
                     "b",
                     [
                        [
                           "var",
                           "c"
                        ]
                     ]
                  ],
                  [
                     "app",
                     "d",
                     [
                        [
                           "cons",
                           "E",
                           []
                        ],
                        [
                           "app",
                           "f",
                           [
                              [
                                 "var",
                                 "g"
                              ]
                           ]
                        ]
                     ]
                  ]
               ]
            ]
         ]
      ],
      [
         "check",
         [
            "equal",
            [
               "app",
               "sUC",
               [
                  [
                     "app",
                     "sUC",
                     [
                        [
                           "var",
                           "zERO"
                        ]
                     ]
                  ]
               ]
            ],
            [
               "app",
               "sUC",
               [
                  [
                     "app",
                     "sUC",
                     [
                        [
                           "var",
                           "zERO"
                        ]
                     ]
                  ]
               ]
            ]
         ]
      ],
      [
         "check",
         [
            "equal",
            [
               "app",
               "cONS",
               [
                  [
                     "var",
                     "a"
                  ],
                  [
                     "app",
                     "cONS",
                     [
                        [
                           "var",
                           "b"
                        ],
                        [
                           "app",
                           "cONS",
                           [
                              [
                                 "var",
                                 "c"
                              ],
                              [
                                 "app",
                                 "conS",
                                 [
                                    [
                                       "var",
                                       "d"
                                    ],
                                    [
                                       "var",
                                       "nIL"
                                    ]
                                 ]
                              ]
                           ]
                        ]
                     ]
                  ]
               ]
            ],
            [
               "app",
               "cONS",
               [
                  [
                     "var",
                     "a"
                  ],
                  [
                     "app",
                     "cONS",
                     [
                        [
                           "var",
                           "b"
                        ],
                        [
                           "app",
                           "cONS",
                           [
                              [
                                 "var",
                                 "c"
                              ],
                              [
                                 "app",
                                 "cONS",
                                 [
                                    [
                                       "var",
                                       "d"
                                    ],
                                    [
                                       "var",
                                       "nIL"
                                    ]
                                 ]
                              ]
                           ]
                        ]
                     ]
                  ]
               ]
            ]
         ]
      ]
   ]
]
